[ld2146.wdf.sap.corp]0:00:00.008762",  11:36:05.800318", :36:05.791556", "Mounted on\n/dev/mapper/vg_sys_r1-tmp ext4  2.0G   22M  1.8G   2% /tmp", "stdout_lines": ["Filesystem                Type  Size  Used Avail Use% Mounted on", "/dev/mapper/vg_sys_r1-tmp ext4  2.0G   22M  1.8G   2% /tmp"]}
[ld2178.wdf.sap.corp]0:00:00.007323",  11:36:06.385459", :36:06.378136", "Mounted on\n/dev/mapper/vg_sys_r1-tmp ext4  2.0G  216M  1.6G  12% /tmp", "stdout_lines": ["Filesystem                Type  Size  Used Avail Use% Mounted on", "/dev/mapper/vg_sys_r1-tmp ext4  2.0G  216M  1.6G  12% /tmp"]}
[ld2180.wdf.sap.corp]0:00:00.007422",  11:36:06.417270", :36:06.409848", "Mounted on\n/dev/mapper/vg_sys_r1-tmp ext4  2.0G   73M  1.8G   4% /tmp", "stdout_lines": ["Filesystem                Type  Size  Used Avail Use% Mounted on", "/dev/mapper/vg_sys_r1-tmp ext4  2.0G   73M  1.8G   4% /tmp"]}
[ld2611.wdf.sap.corp]0:00:00.004503",  11:36:06.507481", :36:06.502978", "Mounted on\n/dev/mapper/vg_sys_r1-tmp ext4  2.0G  231M  1.6G  13% /tmp", "stdout_lines": ["Filesystem                Type  Size  Used Avail Use% Mounted on", "/dev/mapper/vg_sys_r1-tmp ext4  2.0G  231M  1.6G  13% /tmp"]}
[ld2605.wdf.sap.corp]0:00:00.004738",  11:36:06.532338", :36:06.527600", "Mounted on\n/dev/mapper/vg_sys_r1-tmp ext4  2.0G  173M  1.7G  10% /tmp", "stdout_lines": ["Filesystem                Type  Size  Used Avail Use% Mounted on", "/dev/mapper/vg_sys_r1-tmp ext4  2.0G  173M  1.7G  10% /tmp"]}
[ld2148.wdf.sap.corp]0:00:00.008541",  11:36:06.477281", :36:06.468740", "Mounted on\n/dev/mapper/vg_sys_r1-tmp ext4  2.0G   38M  1.8G   3% /tmp", "stdout_lines": ["Filesystem                Type  Size  Used Avail Use% Mounted on", "/dev/mapper/vg_sys_r1-tmp ext4  2.0G   38M  1.8G   3% /tmp"]}
[ld2603.wdf.sap.corp]0:00:00.004625",  11:36:06.539509", :36:06.534884", "Mounted on\n/dev/mapper/vg_sys_r1-tmp ext4  2.0G  291M  1.6G  16% /tmp", "stdout_lines": ["Filesystem                Type  Size  Used Avail Use% Mounted on", "/dev/mapper/vg_sys_r1-tmp ext4  2.0G  291M  1.6G  16% /tmp"]}
[ld2258.wdf.sap.corp]0:00:00.007321",  11:36:06.657662", :36:06.650341", "Mounted on\n/dev/mapper/vg_sys_r1-tmp ext4  2.0G  189M  1.7G  11% /tmp", "stdout_lines": ["Filesystem                Type  Size  Used Avail Use% Mounted on", "/dev/mapper/vg_sys_r1-tmp ext4  2.0G  189M  1.7G  11% /tmp"]}
[ld2228.wdf.sap.corp]0:00:00.007250",  11:36:06.666652", :36:06.659402", "Mounted on\n/dev/mapper/vg_sys_r1-tmp ext4  2.0G  118M  1.7G   7% /tmp", "stdout_lines": ["Filesystem                Type  Size  Used Avail Use% Mounted on", "/dev/mapper/vg_sys_r1-tmp ext4  2.0G  118M  1.7G   7% /tmp"]}
[ld3548.wdf.sap.corp]0:00:00.003723",  11:36:06.992785", :36:06.989062", "Mounted on\n/dev/mapper/vg_sys_r1-tmp ext4  2.0G   59M  1.8G   4% /tmp", "stdout_lines": ["Filesystem                Type  Size  Used Avail Use% Mounted on", "/dev/mapper/vg_sys_r1-tmp ext4  2.0G   59M  1.8G   4% /tmp"]}
[ld3552.wdf.sap.corp]0:00:00.003120",  11:36:07.446298", :36:07.443178", "Mounted on\n/dev/mapper/vg_sys_r1-tmp ext4  2.0G  212M  1.6G  12% /tmp", "stdout_lines": ["Filesystem                Type  Size  Used Avail Use% Mounted on", "/dev/mapper/vg_sys_r1-tmp ext4  2.0G  212M  1.6G  12% /tmp"]}
[ld3554.wdf.sap.corp]0:00:00.004097",  11:36:07.595679", :36:07.591582", "Mounted on\n/dev/mapper/vg_sys_r1-tmp ext4  2.0G  5.7M  1.8G   1% /tmp", "stdout_lines": ["Filesystem                Type  Size  Used Avail Use% Mounted on", "/dev/mapper/vg_sys_r1-tmp ext4  2.0G  5.7M  1.8G   1% /tmp"]}
[ld3563.wdf.sap.corp]0:00:00.004111",  11:36:07.622764", :36:07.618653", "Mounted on\n/dev/mapper/vg_sys_r1-tmp ext4  2.9G  171M  2.6G   7% /tmp", "stdout_lines": ["Filesystem                Type  Size  Used Avail Use% Mounted on", "/dev/mapper/vg_sys_r1-tmp ext4  2.9G  171M  2.6G   7% /tmp"]}
[ld3565.wdf.sap.corp]0:00:00.004061",  11:36:07.634721", :36:07.630660", "Mounted on\n/dev/mapper/vg_sys_r1-tmp ext4  2.9G   14M  2.8G   1% /tmp", "stdout_lines": ["Filesystem                Type  Size  Used Avail Use% Mounted on", "/dev/mapper/vg_sys_r1-tmp ext4  2.9G   14M  2.8G   1% /tmp"]}
[ld3589.wdf.sap.corp]0:00:00.004238",  11:36:07.656516", :36:07.652278", "Mounted on\n/dev/mapper/vg_sys_r1-tmp ext4  2.0G   78M  1.8G   5% /tmp", "stdout_lines": ["Filesystem                Type  Size  Used Avail Use% Mounted on", "/dev/mapper/vg_sys_r1-tmp ext4  2.0G   78M  1.8G   5% /tmp"]}
[ld3587.wdf.sap.corp]0:00:00.003950",  11:36:07.659556", :36:07.655606", "Mounted on\n/dev/mapper/vg_sys_r1-tmp ext4  2.0G  140M  1.7G   8% /tmp", "stdout_lines": ["Filesystem                Type  Size  Used Avail Use% Mounted on", "/dev/mapper/vg_sys_r1-tmp ext4  2.0G  140M  1.7G   8% /tmp"]}
[ld3607.wdf.sap.corp]0:00:00.003921",  11:36:07.785514", :36:07.781593", "Mounted on\n/dev/mapper/vg_sys_r1-tmp ext4  2.0G  5.8M  1.8G   1% /tmp", "stdout_lines": ["Filesystem                Type  Size  Used Avail Use% Mounted on", "/dev/mapper/vg_sys_r1-tmp ext4  2.0G  5.8M  1.8G   1% /tmp"]}
[ld3609.wdf.sap.corp]0:00:00.004040",  11:36:07.786803", :36:07.782763", "Mounted on\n/dev/mapper/vg_sys_r1-tmp ext4  2.0G   35M  1.8G   2% /tmp", "stdout_lines": ["Filesystem                Type  Size  Used Avail Use% Mounted on", "/dev/mapper/vg_sys_r1-tmp ext4  2.0G   35M  1.8G   2% /tmp"]}
[ld3610.wdf.sap.corp]0:00:00.004693",  11:36:08.085295", :36:08.080602", "Mounted on\n/dev/mapper/vg_sys_r1-tmp ext4  2.0G   83M  1.8G   5% /tmp", "stdout_lines": ["Filesystem                Type  Size  Used Avail Use% Mounted on", "/dev/mapper/vg_sys_r1-tmp ext4  2.0G   83M  1.8G   5% /tmp"]}
[ld3612.wdf.sap.corp]0:00:00.004333",  11:36:08.538621", :36:08.534288", "Mounted on\n/dev/mapper/vg_sys_r1-tmp ext4  2.0G   16M  1.8G   1% /tmp", "stdout_lines": ["Filesystem                Type  Size  Used Avail Use% Mounted on", "/dev/mapper/vg_sys_r1-tmp ext4  2.0G   16M  1.8G   1% /tmp"]}
[ld3621.wdf.sap.corp]0:00:00.003415",  11:36:08.613196", :36:08.609781", "Mounted on\n/dev/mapper/vg_sys_r1-tmp ext4  2.9G  6.8M  2.8G   1% /tmp", "stdout_lines": ["Filesystem                Type  Size  Used Avail Use% Mounted on", "/dev/mapper/vg_sys_r1-tmp ext4  2.9G  6.8M  2.8G   1% /tmp"]}
[ld3635.wdf.sap.corp]0:00:00.003159",  11:36:08.679074", :36:08.675915", "Mounted on\n/dev/mapper/vg_sys_r1-tmp ext4  2.9G   37M  2.7G   2% /tmp", "stdout_lines": ["Filesystem                Type  Size  Used Avail Use% Mounted on", "/dev/mapper/vg_sys_r1-tmp ext4  2.9G   37M  2.7G   2% /tmp"]}
[ld3632.wdf.sap.corp]0:00:00.003077",  11:36:08.688184", :36:08.685107", "Mounted on\n/dev/mapper/vg_sys_r1-tmp ext4  2.0G   87M  1.8G   5% /tmp", "stdout_lines": ["Filesystem                Type  Size  Used Avail Use% Mounted on", "/dev/mapper/vg_sys_r1-tmp ext4  2.0G   87M  1.8G   5% /tmp"]}
[ld3633.wdf.sap.corp]0:00:00.003420",  11:36:08.686636", :36:08.683216", "Mounted on\n/dev/mapper/vg_sys_r1-tmp ext4  2.9G  123M  2.7G   5% /tmp", "stdout_lines": ["Filesystem                Type  Size  Used Avail Use% Mounted on", "/dev/mapper/vg_sys_r1-tmp ext4  2.9G  123M  2.7G   5% /tmp"]}
[ld3630.wdf.sap.corp]0:00:00.003761",  11:36:08.724104", :36:08.720343", "Mounted on\n/dev/mapper/vg_sys_r1-tmp ext4  2.0G  231M  1.6G  13% /tmp", "stdout_lines": ["Filesystem                Type  Size  Used Avail Use% Mounted on", "/dev/mapper/vg_sys_r1-tmp ext4  2.0G  231M  1.6G  13% /tmp"]}
[ld3642.wdf.sap.corp]0:00:00.002978",  11:36:08.826859", :36:08.823881", "Mounted on\n/dev/mapper/vg_sys_r1-tmp ext4  2.0G  102M  1.7G   6% /tmp", "stdout_lines": ["Filesystem                Type  Size  Used Avail Use% Mounted on", "/dev/mapper/vg_sys_r1-tmp ext4  2.0G  102M  1.7G   6% /tmp"]}
[ld3644.wdf.sap.corp]0:00:00.002912",  11:36:08.855307", :36:08.852395", "Mounted on\n/dev/mapper/vg_sys_r1-tmp ext4  2.0G  6.2M  1.8G   1% /tmp", "stdout_lines": ["Filesystem                Type  Size  Used Avail Use% Mounted on", "/dev/mapper/vg_sys_r1-tmp ext4  2.0G  6.2M  1.8G   1% /tmp"]}
[ld3645.wdf.sap.corp]0:00:00.004111",  11:36:09.239291", :36:09.235180", "Mounted on\n/dev/mapper/vg_sys_r1-tmp ext4  2.0G  169M  1.7G  10% /tmp", "stdout_lines": ["Filesystem                Type  Size  Used Avail Use% Mounted on", "/dev/mapper/vg_sys_r1-tmp ext4  2.0G  169M  1.7G  10% /tmp"]}
[ld3647.wdf.sap.corp]0:00:00.004288",  11:36:09.639372", :36:09.635084", "Mounted on\n/dev/mapper/vg_sys_r1-tmp ext4  2.0G   26M  1.8G   2% /tmp", "stdout_lines": ["Filesystem                Type  Size  Used Avail Use% Mounted on", "/dev/mapper/vg_sys_r1-tmp ext4  2.0G   26M  1.8G   2% /tmp"]}
[ld3727.wdf.sap.corp]0:00:00.002904",  11:36:09.736228", :36:09.733324", "Mounted on\n/dev/mapper/vg_sys_r1-tmp ext4  2.9G  9.2M  2.8G   1% /tmp", "stdout_lines": ["Filesystem                Type  Size  Used Avail Use% Mounted on", "/dev/mapper/vg_sys_r1-tmp ext4  2.9G  9.2M  2.8G   1% /tmp"]}
[ld3651.wdf.sap.corp]0:00:00.004045",  11:36:09.723264", :36:09.719219", "Mounted on\n/dev/mapper/vg_sys_r1-tmp ext4  2.0G   33M  1.8G   2% /tmp", "stdout_lines": ["Filesystem                Type  Size  Used Avail Use% Mounted on", "/dev/mapper/vg_sys_r1-tmp ext4  2.0G   33M  1.8G   2% /tmp"]}
[ld3728.wdf.sap.corp]0:00:00.003844",  11:36:09.810211", :36:09.806367", "Mounted on\n/dev/mapper/vg_sys_r1-tmp ext4  2.0G  237M  1.6G  13% /tmp", "stdout_lines": ["Filesystem                Type  Size  Used Avail Use% Mounted on", "/dev/mapper/vg_sys_r1-tmp ext4  2.0G  237M  1.6G  13% /tmp"]}
[ld3653.wdf.sap.corp]0:00:00.004163",  11:36:09.818086", :36:09.813923", "Mounted on\n/dev/mapper/vg_sys_r1-tmp ext4  2.0G  3.2M  1.8G   1% /tmp", "stdout_lines": ["Filesystem                Type  Size  Used Avail Use% Mounted on", "/dev/mapper/vg_sys_r1-tmp ext4  2.0G  3.2M  1.8G   1% /tmp"]}
[ld3665.wdf.sap.corp]0:00:00.004139",  11:36:09.832300", :36:09.828161", "Mounted on\n/dev/mapper/vg_sys_r1-tmp ext4  2.0G   11M  1.8G   1% /tmp", "stdout_lines": ["Filesystem                Type  Size  Used Avail Use% Mounted on", "/dev/mapper/vg_sys_r1-tmp ext4  2.0G   11M  1.8G   1% /tmp"]}
[ld3730.wdf.sap.corp]0:00:00.004771",  11:36:09.846742", :36:09.841971", "Mounted on\n/dev/mapper/vg_sys_r1-tmp ext4  2.0G   66M  1.8G   4% /tmp", "stdout_lines": ["Filesystem                Type  Size  Used Avail Use% Mounted on", "/dev/mapper/vg_sys_r1-tmp ext4  2.0G   66M  1.8G   4% /tmp"]}
[ld2226.wdf.sap.corp]0:00:00.008022",  11:36:09.332946", :36:09.324924", "Mounted on\n/dev/mapper/vg_sys_r1-tmp ext4  2.0G  270M  1.6G  15% /tmp", "stdout_lines": ["Filesystem                Type  Size  Used Avail Use% Mounted on", "/dev/mapper/vg_sys_r1-tmp ext4  2.0G  270M  1.6G  15% /tmp"]}
[ld4054.wdf.sap.corp]0:00:00.004318",  11:36:10.200000", :36:10.195682", "Mounted on\n/dev/mapper/vg_sys_r1-tmp ext4  2.0G  5.1M  1.8G   1% /tmp", "stdout_lines": ["Filesystem                Type  Size  Used Avail Use% Mounted on", "/dev/mapper/vg_sys_r1-tmp ext4  2.0G  5.1M  1.8G   1% /tmp"]}
[ld4056.wdf.sap.corp]0:00:00.003259",  11:36:10.614083", :36:10.610824", "Mounted on\n/dev/mapper/vg_sys_r1-tmp ext4  2.0G  5.1M  1.8G   1% /tmp", "stdout_lines": ["Filesystem                Type  Size  Used Avail Use% Mounted on", "/dev/mapper/vg_sys_r1-tmp ext4  2.0G  5.1M  1.8G   1% /tmp"]}
[ld4057.wdf.sap.corp]0:00:00.004354",  11:36:10.675964", :36:10.671610", "Mounted on\n/dev/mapper/vg_sys_r1-tmp ext4  2.0G  5.1M  1.8G   1% /tmp", "stdout_lines": ["Filesystem                Type  Size  Used Avail Use% Mounted on", "/dev/mapper/vg_sys_r1-tmp ext4  2.0G  5.1M  1.8G   1% /tmp"]}
[ld4059.wdf.sap.corp]0:00:00.005365",  11:36:10.723081", :36:10.717716", "Mounted on\n/dev/mapper/vg_sys_r1-tmp ext4  2.0G  5.1M  1.8G   1% /tmp", "stdout_lines": ["Filesystem                Type  Size  Used Avail Use% Mounted on", "/dev/mapper/vg_sys_r1-tmp ext4  2.0G  5.1M  1.8G   1% /tmp"]}
[ld4122.wdf.sap.corp]0:00:00.003812",  11:36:10.866891", :36:10.863079", "Mounted on\n/dev/mapper/vg_sys_r1-tmp ext4  2.0G  3.4M  1.8G   1% /tmp", "stdout_lines": ["Filesystem                Type  Size  Used Avail Use% Mounted on", "/dev/mapper/vg_sys_r1-tmp ext4  2.0G  3.4M  1.8G   1% /tmp"]}
[ld4137.wdf.sap.corp]0:00:00.003103",  11:36:10.880396", :36:10.877293", "Mounted on\n/dev/mapper/vg_sys_r1-tmp ext4  2.0G  146M  1.7G   8% /tmp", "stdout_lines": ["Filesystem                Type  Size  Used Avail Use% Mounted on", "/dev/mapper/vg_sys_r1-tmp ext4  2.0G  146M  1.7G   8% /tmp"]}
[ld4124.wdf.sap.corp]0:00:00.003420",  11:36:10.881279", :36:10.877859", "Mounted on\n/dev/mapper/vg_sys_r1-tmp ext4  2.0G   36M  1.8G   2% /tmp", "stdout_lines": ["Filesystem                Type  Size  Used Avail Use% Mounted on", "/dev/mapper/vg_sys_r1-tmp ext4  2.0G   36M  1.8G   2% /tmp"]}
[ld4134.wdf.sap.corp]0:00:00.003556",  11:36:10.896171", :36:10.892615", "Mounted on\n/dev/mapper/vg_sys_r1-tmp ext4  2.0G  663M  1.2G  37% /tmp", "stdout_lines": ["Filesystem                Type  Size  Used Avail Use% Mounted on", "/dev/mapper/vg_sys_r1-tmp ext4  2.0G  663M  1.2G  37% /tmp"]}
[ld4136.wdf.sap.corp]0:00:00.003595",  11:36:10.977765", :36:10.974170", "Mounted on\n/dev/mapper/vg_sys_r1-tmp ext4  2.0G  3.2M  1.8G   1% /tmp", "stdout_lines": ["Filesystem                Type  Size  Used Avail Use% Mounted on", "/dev/mapper/vg_sys_r1-tmp ext4  2.0G  3.2M  1.8G   1% /tmp"]}
[ld4139.wdf.sap.corp]0:00:00.003844",  11:36:11.139910", :36:11.136066", "Mounted on\n/dev/mapper/vg_sys_r1-tmp ext4  2.0G  292M  1.6G  16% /tmp", "stdout_lines": ["Filesystem                Type  Size  Used Avail Use% Mounted on", "/dev/mapper/vg_sys_r1-tmp ext4  2.0G  292M  1.6G  16% /tmp"]}
[ld4140.wdf.sap.corp]0:00:00.003174",  11:36:11.284382", :36:11.281208", "Mounted on\n/dev/mapper/vg_sys_r1-tmp ext4  2.0G   61M  1.8G   4% /tmp", "stdout_lines": ["Filesystem                Type  Size  Used Avail Use% Mounted on", "/dev/mapper/vg_sys_r1-tmp ext4  2.0G   61M  1.8G   4% /tmp"]}
[ld4177.wdf.sap.corp]0:00:00.004115",  11:36:11.761792", :36:11.757677", "Mounted on\n/dev/mapper/vg_sys_r1-tmp ext4  2.0G  268M  1.6G  15% /tmp", "stdout_lines": ["Filesystem                Type  Size  Used Avail Use% Mounted on", "/dev/mapper/vg_sys_r1-tmp ext4  2.0G  268M  1.6G  15% /tmp"]}
[ld4151.wdf.sap.corp]0:00:00.004305",  11:36:11.770448", :36:11.766143", "Mounted on\n/dev/mapper/vg_sys_r1-tmp ext4  2.0G  3.5M  1.8G   1% /tmp", "stdout_lines": ["Filesystem                Type  Size  Used Avail Use% Mounted on", "/dev/mapper/vg_sys_r1-tmp ext4  2.0G  3.5M  1.8G   1% /tmp"]}
[ld4149.wdf.sap.corp]0:00:00.004126",  11:36:11.783300", :36:11.779174", "Mounted on\n/dev/mapper/vg_sys_r1-tmp ext4  2.0G  147M  1.7G   8% /tmp", "stdout_lines": ["Filesystem                Type  Size  Used Avail Use% Mounted on", "/dev/mapper/vg_sys_r1-tmp ext4  2.0G  147M  1.7G   8% /tmp"]}
[ld4179.wdf.sap.corp]0:00:00.003769",  11:36:11.949262", :36:11.945493", "Mounted on\n/dev/mapper/vg_sys_r1-tmp ext4  2.0G   12M  1.8G   1% /tmp", "stdout_lines": ["Filesystem                Type  Size  Used Avail Use% Mounted on", "/dev/mapper/vg_sys_r1-tmp ext4  2.0G   12M  1.8G   1% /tmp"]}